I'm sorry, but errors were detected in your script. Please correct the
errors listed below, and try again.


File "game/script.rpy", line 36: invalid syntax
        def __init__(self,.description):
                           ^
    

Ren'Py Version: Ren'Py 8.0.3.22090809
Fri Feb 24 17:32:50 2023
